
[1m[46m RUN [49m[22m [36mv4.0.15 [39m[90mE:/Visual Studio Code/test proyecto isw/corporativa-acmetrans[39m

[90mstdout[2m | tests/test_availability.test.js[2m > [22m[2mConductorService - Disponibilidad por Rango de Fechas[2m > [22m[2mdeber├¡a retornar true cuando no existen conflictos
[22m[39m--- Test: Disponibilidad sin conflictos ---
Verificando disponibilidad para rango: 2023-11-01 a 2023-11-05
Resultado esperado: true, Resultado obtenido: true

[90mstdout[2m | tests/test_availability_simple.test.js[2m > [22m[2mConductorService - Disponibilidad Simple[2m > [22m[2mdeber├¡a retornar true si el conductor est├í disponible
[22m[39m--- Test: Conductor disponible ---
Verificando disponibilidad para conductor 1 en fecha 2023-10-27
Resultado esperado: true, Resultado obtenido: true

[90mstdout[2m | tests/test_availability.test.js[2m > [22m[2mConductorService - Disponibilidad por Rango de Fechas[2m > [22m[2mdeber├¡a retornar false cuando existe traslape con un viaje
[22m[39m--- Test: Conflicto con viaje ---
Verificando conflicto con viaje del 2023-11-02 al 2023-11-03
Resultado esperado: false, Resultado obtenido: false

[90mstdout[2m | tests/test_availability_simple.test.js[2m > [22m[2mConductorService - Disponibilidad Simple[2m > [22m[2mdeber├¡a retornar false si el conductor est├í inactivo
[22m[39m--- Test: Conductor inactivo ---
Verificando disponibilidad para conductor inactivo 2
Resultado esperado: false, Resultado obtenido: false

[90mstdout[2m | tests/test_availability.test.js[2m > [22m[2mConductorService - Disponibilidad por Rango de Fechas[2m > [22m[2mdeber├¡a retornar false cuando existe traslape con un evento de calendario
[22m[39m--- Test: Conflicto con evento de calendario ---
Verificando conflicto con evento del 2023-11-04
Resultado esperado: false, Resultado obtenido: false

[90mstdout[2m | tests/test_availability_simple.test.js[2m > [22m[2mConductorService - Disponibilidad Simple[2m > [22m[2mdeber├¡a retornar false si el conductor tiene un bloqueo cl├ísico/legacy en la fecha indicada
[22m[39m--- Test: Bloqueo legacy ---
Verificando bloqueo legacy para fecha 2023-10-27
Resultado esperado: false, Resultado obtenido: false

[90mstdout[2m | tests/test_availability.test.js[2m > [22m[2mConductorService - Disponibilidad por Rango de Fechas[2m > [22m[2mdeber├¡a retornar true si el viaje est├í cancelado
[22m[39m--- Test: Viaje cancelado no bloquea ---
Verificando que viaje cancelado sea ignorado
Resultado esperado: true, Resultado obtenido: true

[90mstdout[2m | tests/test_availability_simple.test.js[2m > [22m[2mConductorService - Disponibilidad Simple[2m > [22m[2mdeber├¡a retornar true si el conductor tiene bloqueos pero no para la fecha indicada
[22m[39m--- Test: Bloqueo en otra fecha ---
Verificando disponibilidad en 2023-10-27 con bloqueo en otra fecha
Resultado esperado: true, Resultado obtenido: true

[90mstdout[2m | tests/viajeService.test.js[2m > [22m[2mViajeService[2m > [22m[2mcreate[2m > [22m[2mdeber├¡a crear un viaje v├ílido
[22m[39m[INFO] Audit: CREATE on Viaje { id: [33m1[39m, conductorId: [33m1[39m, origen: [32m'Santiago'[39m, destino: [32m'Valpara├¡so'[39m }
[INFO] Viaje created { id: [33m1[39m }

[90mstdout[2m | tests/test_availability.test.js[2m > [22m[2mConductorService - Disponibilidad por Rango de Fechas[2m > [22m[2mdeber├¡a manejar correctamente revisiones de un solo d├¡a
[22m[39m--- Test: Revisi├│n de un solo d├¡a ---
Verificando conflicto para el d├¡a 2023-11-01
Resultado esperado: false, Resultado obtenido: false

node.exe : 
[90mstderr[2m | test
s/conductorService.tes
t.js[2m > [22m[2mCo
nductorService[2m > 
[22m[2mcreate[2m > 
[22m[2mdeber├¡a 
crear un conductor 
v├ílido
En línea: 1 Carácter: 
1
+ & "C:\Program Files\
nodejs/node.exe" 
"C:\Program 
Files\nodejs/node_mo 
...
+ ~~~~~~~~~~~~~~~~~~~~
~~~~~~~~~~~~~~~~~~~~~~
~~~~~~~~~~~~~~~~~~~~~~
~~~~~
    + CategoryInfo    
          : NotSpeci  
  fied: ([90mstder   
 r[2m...nductor v    
├ílido:String) []    
, RemoteException
    + FullyQualifiedE 
   rrorId : NativeCo  
  mmandError
 
[22m[39m[WARN] 
Conductor validation 
failed { telefono: 
[32m'Este campo es 
obligatorio'[39m }

 [32mÔ£ô[39m tests/test_availability_simple.test.js [2m([22m[2m4 tests[22m[2m)[22m[32m 4[2mms[22m[39m
 [32mÔ£ô[39m tests/test_availability.test.js [2m([22m[2m5 tests[22m[2m)[22m[32m 5[2mms[22m[39m
[90mstderr[2m | test
s/capacity.test.js[2m
 > [22m[2mUtils - 
Capacity[2m > [22m[
2mcalcularCamionesNece
sarios[2m > 
[22m[2mdeber├¡a 
manejar valores 0 
devolviendo 1 cami├│n 
v├ílido
[22m[39m[WARN] calcu
larCamionesNecesarios:
 Both peso and 
volumen are 0 

[90mstderr[2m | test
s/viajeService.test.js
[2m > [22m[2mViajeS
ervice[2m > 
[22m[2mcreate[2m > 
[22m[2mdeber├¡a 
lanzar error si 
faltan datos 
requeridos
[22m[39m[WARN] 
Viaje validation 
failed {
  conductorId: 
[32m'Este campo es 
obligatorio'[39m,
  destino: [32m'Este 
campo es 
obligatorio'[39m
}

[90mstderr[2m | test
s/viajeService.test.js
[2m > [22m[2mViajeS
ervice[2m > 
[22m[2mupdate[2m > 
[22m[2mdeber├¡a 
actualizar un viaje 
existente
[22m[39m[WARN] 
Viaje update 
validation failed {
  conductorId: 
[32m'Este campo es 
obligatorio'[39m,
  destino: [32m'Este 
campo es 
obligatorio'[39m
}

[90mstderr[2m | test
s/capacity.test.js[2m
 > [22m[2mUtils - 
Capacity[2m > [22m[
2mcalcularCamionesNece
sarios[2m > 
[22m[2mdeber├¡a 
retornar inv├ílido si 
excede el l├¡mite 
m├íximo de camiones
[22m[39m[WARN] calcu
larCamionesNecesarios:
 Exceeded max trucks 
{ calculado: 
[33m1001[39m, 
limitado: 
[33m1000[39m }

[90mstdout[2m | tests/viajeService.test.js[2m > [22m[2mViajeService[2m > [22m[2mState transitions[2m > [22m[2mstartTrip deber├¡a cambiar estado a EN_CURSO
[22m[39m[INFO] Audit: START_TRIP on Viaje { id: [33m1[39m }

[90mstdout[2m | tests/conductorService.test.js[2m > [22m[2mConductorService[2m > [22m[2massignTrip[2m > [22m[2mdeber├¡a cambiar estado a OCUPADO
[22m[39m[INFO] Audit: ASSIGN_TRIP on Conductor { conductorId: [33m1[39m, viaje: {} }

[90mstdout[2m | tests/viajeService.test.js[2m > [22m[2mViajeService[2m > [22m[2mState transitions[2m > [22m[2mcompleteTrip deber├¡a cambiar estado a COMPLETADO
[22m[39m[INFO] Audit: COMPLETE_TRIP on Viaje { id: [33m1[39m }

[90mstdout[2m | tests/conductorService.test.js[2m > [22m[2mConductorService[2m > [22m[2mmarkAvailable[2m > [22m[2mdeber├¡a cambiar estado a DISPONIBLE
[22m[39m[INFO] Audit: MARK_AVAILABLE on Conductor { conductorId: [33m1[39m }

[90mstderr[2m | test
s/capacity.test.js[2m
 > [22m[2mUtils - 
Capacity[2m > [22m[
2mcalcularCamionesNece
sarios[2m > 
[22m[2mdeber├¡a 
manejar tipos de 
cami├│n inv├ílidos
[22m[39m[WARN] calcu
larCamionesNecesarios:
 Invalid truck type { 
tipoCamion: 
[32m'INVALIDO'[39m }

[90mstdout[2m | tests/viajeService.test.js[2m > [22m[2mViajeService[2m > [22m[2mState transitions[2m > [22m[2mcancelTrip deber├¡a cambiar estado a CANCELADO
[22m[39m[INFO] Audit: CANCEL_TRIP on Viaje { id: [33m1[39m, motivo: [32m'Motivo X'[39m }

 [31mÔØ»[39m tests/viajeService.test.js [2m([22m[2m9 tests[22m[2m | [22m[31m1 failed[39m[2m)[22m[32m 14[2mms[22m[39m
       [32mÔ£ô[39m deber├¡a crear un viaje v├ílido[32m 3[2mms[22m[39m
       [32mÔ£ô[39m deber├¡a lanzar error si faltan datos requeridos[32m 1[2mms[22m[39m
[31m       [31m├ù[31m deber├¡a actualizar un viaje existente[39m[32m 5[2mms[22m[39m
       [32mÔ£ô[39m deber├¡a lanzar error si el viaje no existe[32m 0[2mms[22m[39m
       [32mÔ£ô[39m deber├¡a calcular costos correctamente[32m 1[2mms[22m[39m
       [32mÔ£ô[39m deber├¡a escalar costos con m├║ltiples camiones[32m 1[2mms[22m[39m
       [32mÔ£ô[39m startTrip deber├¡a cambiar estado a EN_CURSO[32m 1[2mms[22m[39m
       [32mÔ£ô[39m completeTrip deber├¡a cambiar estado a COMPLETADO[32m 0[2mms[22m[39m
       [32mÔ£ô[39m cancelTrip deber├¡a cambiar estado a CANCELADO[32m 1[2mms[22m[39m
 [31mÔØ»[39m tests/conductorService.test.js [2m([22m[2m8 tests[22m[2m | [22m[31m1 failed[39m[2m)[22m[32m 13[2mms[22m[39m
[31m       [31m├ù[31m deber├¡a crear un conductor v├ílido[39m[32m 7[2mms[22m[39m
       [32mÔ£ô[39m deber├¡a retornar true si est├í disponible y sin bloqueos[32m 1[2mms[22m[39m
       [32mÔ£ô[39m deber├¡a retornar false si est├í inactivo[32m 0[2mms[22m[39m
       [32mÔ£ô[39m deber├¡a retornar false si tiene bloqueo en la fecha[32m 0[2mms[22m[39m
       [32mÔ£ô[39m deber├¡a detectar conflicto con viaje existente[32m 0[2mms[22m[39m
       [32mÔ£ô[39m deber├¡a estar disponible si no hay conflictos[32m 0[2mms[22m[39m
       [32mÔ£ô[39m deber├¡a cambiar estado a OCUPADO[32m 1[2mms[22m[39m
       [32mÔ£ô[39m deber├¡a cambiar estado a DISPONIBLE[32m 0[2mms[22m[39m
 [31mÔØ»[39m tests/capacity.test.js [2m([22m[2m10 tests[22m[2m | [22m[31m1 failed[39m[2m)[22m[32m 14[2mms[22m[39m
       [32mÔ£ô[39m deber├¡a calcular correctamente para un cami├│n GC con carga dentro de l├¡mites[32m 2[2mms[22m[39m
       [32mÔ£ô[39m deber├¡a calcular m├║ltiples camiones si excede la capacidad de uno[32m 0[2mms[22m[39m
       [32mÔ£ô[39m deber├¡a basar el c├ílculo en el factor limitante (volumen)[32m 0[2mms[22m[39m
       [32mÔ£ô[39m deber├¡a manejar valores 0 devolviendo 1 cami├│n v├ílido[32m 1[2mms[22m[39m
[31m       [31m├ù[31m deber├¡a retornar inv├ílido si excede el l├¡mite m├íximo de camiones[39m[32m 8[2mms[22m[39m
       [32mÔ£ô[39m deber├¡a manejar tipos de cami├│n inv├ílidos[32m 1[2mms[22m[39m
       [32mÔ£ô[39m deber├¡a retornar true si la carga cabe[32m 0[2mms[22m[39m
       [32mÔ£ô[39m deber├¡a detectar exceso de peso[32m 0[2mms[22m[39m
       [32mÔ£ô[39m deber├¡a detectar exceso de volumen[32m 0[2mms[22m[39m
       [32mÔ£ô[39m deber├¡a manejar tipo de cami├│n inv├ílido[32m 0[2mms[22m[39m

[31mÔÄ»ÔÄ»ÔÄ»ÔÄ»ÔÄ»ÔÄ
»ÔÄ»[39m[1m[41m 
Failed Tests 3 [49m[
22m[31mÔÄ»ÔÄ»ÔÄ»ÔÄ»ÔÄ
»ÔÄ»ÔÄ»[39m

[41m[1m FAIL 
[22m[49m tests/capac
ity.test.js[2m > 
[22mUtils - 
Capacity[2m > [22mca
lcularCamionesNecesari
os[2m > 
[22mdeber├¡a 
retornar inv├ílido si 
excede el l├¡mite 
m├íximo de camiones
[31m[1mAssertionErro
r[22m: expected true 
to be false // 
Object.is 
equality[39m

[32m- Expected[39m
[31m+ Received[39m

[32m- false[39m
[31m+ true[39m

[36m [2mÔØ»[22m tes
ts/capacity.test.js:[
2m53:38[22m[39m
    [90m 51| [39m
    [90m 52| [39m   
         expect(result
ado.camiones).toBe(LIM
ITS.CAMIONES_MAX); // 
SÔÇª
    [90m 53| [39m   
         [34mexpect[
39m(resultado[33m.[3
9mvalido)[33m.[39m[
34mtoBe[39m([35mfals
e[39m)[33m;[39m
    [90m   | [39m   
                      
            
[31m^[39m
    [90m 54| [39m   
     })[33m;[39m
    [90m 55| [39m

[31m[2mÔÄ»ÔÄ»ÔÄ»ÔÄ»Ô
Ä»ÔÄ»ÔÄ»ÔÄ»ÔÄ»ÔÄ»ÔÄ»ÔÄ
»ÔÄ»ÔÄ»ÔÄ»ÔÄ»ÔÄ»ÔÄ»ÔÄ»
ÔÄ»ÔÄ»ÔÄ»ÔÄ»ÔÄ»[1/3]ÔÄ
»[22m[39m

[41m[1m FAIL 
[22m[49m tests/condu
ctorService.test.js[2
m > [22mConductorServ
ice[2m > 
[22mcreate[2m > 
[22mdeber├¡a crear 
un conductor v├ílido
[31m[1mError[22m: 
Este campo es 
obligatorio[39m
[36m [2mÔØ»[22m 
Function.create src/se
rvices/conductorServic
e.js:[2m29:19[22m[3
9m
    [90m 27| [39m   
         const 
errorMsg = Object.valu
es(validation.errors).
join(', ÔÇª
    [90m 28| [39m   
         logger.warn('
Conductor validation 
failed', 
validation.erroÔÇª
    [90m 29| [39m   
         
[35mthrow[39m 
[35mnew[39m [33mErr
or[39m(errorMsg)[33m
;[39m
    [90m   | [39m   
               
[31m^[39m
    [90m 30| [39m   
     }
    [90m 31| [39m
[90m [2mÔØ»[22m tes
ts/conductorService.te
st.js:[2m21:44[22m[
39m

[31m[2mÔÄ»ÔÄ»ÔÄ»ÔÄ»Ô
Ä»ÔÄ»ÔÄ»ÔÄ»ÔÄ»ÔÄ»ÔÄ»ÔÄ
»ÔÄ»ÔÄ»ÔÄ»ÔÄ»ÔÄ»ÔÄ»ÔÄ»
ÔÄ»ÔÄ»ÔÄ»ÔÄ»ÔÄ»[2/3]ÔÄ
»[22m[39m

[41m[1m FAIL 
[22m[49m tests/viaje
Service.test.js[2m > 
[22mViajeService[2m 
> [22mupdate[2m > 
[22mdeber├¡a 
actualizar un viaje 
existente
[31m[1mError[22m: 
Este campo es 
obligatorio, Este 
campo es 
obligatorio[39m
[36m [2mÔØ»[22m 
Function.update src/se
rvices/viajeService.js
:[2m80:19[22m[39m
    [90m 78| [39m   
         const 
errorMsg = Object.valu
es(validation.errors).
join(', ÔÇª
    [90m 79| [39m   
         
logger.warn('Viaje 
update validation 
failed', 
validation.eÔÇª
    [90m 80| [39m   
         
[35mthrow[39m 
[35mnew[39m [33mErr
or[39m(errorMsg)[33m
;[39m
    [90m   | [39m   
               
[31m^[39m
    [90m 81| [39m   
     }
    [90m 82| [39m
[90m [2mÔØ»[22m tes
ts/viajeService.test.j
s:[2m48:46[22m[39m

[31m[2mÔÄ»ÔÄ»ÔÄ»ÔÄ»Ô
Ä»ÔÄ»ÔÄ»ÔÄ»ÔÄ»ÔÄ»ÔÄ»ÔÄ
»ÔÄ»ÔÄ»ÔÄ»ÔÄ»ÔÄ»ÔÄ»ÔÄ»
ÔÄ»ÔÄ»ÔÄ»ÔÄ»ÔÄ»[3/3]ÔÄ
»[22m[39m


[2m Test Files [22m [1m[31m3 failed[39m[22m[2m | [22m[1m[32m2 passed[39m[22m[90m (5)[39m
[2m      Tests [22m [1m[31m3 failed[39m[22m[2m | [22m[1m[32m33 passed[39m[22m[90m (36)[39m
[2m   Start at [22m 03:45:18
[2m   Duration [22m 834ms[2m (transform 315ms, setup 0ms, import 474ms, tests 51ms, environment 2.83s)[22m

